[INFO] [launch]: All log files can be found below /home/sgroot/.ros/log/2026-08-07-14-15-50-078922-LAPTOP-USO90ECF-32862
[INFO] [launch]: Default logging verbosity is set to INFO
WARNING:root:[33;21mCannot infer URDF from `/mnt/d/2026/franka_pandas_cli/install/panda_moveit/share/panda_moveit`. -- using config/panda.urdf[0m
WARNING:root:[33;21mCannot infer SRDF from `/mnt/d/2026/franka_pandas_cli/install/panda_moveit/share/panda_moveit`. -- using config/panda.srdf[0m
WARNING:root:[33;21mCannot infer URDF from `/mnt/d/2026/franka_pandas_cli/install/panda_moveit/share/panda_moveit`. -- using config/panda.urdf[0m
WARNING:root:[33;21mCannot infer SRDF from `/mnt/d/2026/franka_pandas_cli/install/panda_moveit/share/panda_moveit`. -- using config/panda.srdf[0m
[INFO] [robot_state_publisher-1]: process started with pid [32923]
[INFO] [gazebo-2]: process started with pid [32924]
[INFO] [create-3]: process started with pid [32925]
[INFO] [parameter_bridge-4]: process started with pid [32926]
[INFO] [image_bridge-5]: process started with pid [32927]
[INFO] [robot_state_publisher-6]: process started with pid [32929]
[INFO] [spawner-7]: process started with pid [32930]
[INFO] [spawner-8]: process started with pid [32931]
[INFO] [spawner-9]: process started with pid [32932]
[INFO] [move_group-10]: process started with pid [32933]
[INFO] [rviz2-11]: process started with pid [32934]
[INFO] [color_detector-12]: process started with pid [32935]
[create-3] [INFO] [1786112258.015271101] [ros_gz_sim]: Requesting list of world names.
[parameter_bridge-4] [INFO] [1786112258.307672150] [ros_gz_bridge]: Creating GZ->ROS Bridge: [/clock (gz.msgs.Clock) -> /clock (rosgraph_msgs/msg/Clock)] (Lazy 0)
[parameter_bridge-4] [INFO] [1786112258.342772132] [ros_gz_bridge]: Creating GZ->ROS Bridge: [/camera/camera_info (gz.msgs.CameraInfo) -> /camera/camera_info (sensor_msgs/msg/CameraInfo)] (Lazy 0)
[robot_state_publisher-1] [INFO] [1786112260.198394774] [robot_state_publisher]: Robot initialized
[robot_state_publisher-6] [INFO] [1786112466.324720144] [robot_state_publisher]: Robot initialized
[move_group-10] [INFO] [1786112261.625530538] [move_group.moveit.moveit.ros.rdf_loader]: Loaded robot model in 0 seconds
[move_group-10] [INFO] [1786112261.627630037] [move_group.moveit.moveit.core.robot_model]: Loading robot model 'panda'...
[create-3] [INFO] [1786112263.013942521] [ros_gz_sim]: Requesting list of world names.
[rviz2-11] [INFO] [1786112264.171594924] [rviz2]: Stereo is NOT SUPPORTED
[rviz2-11] [INFO] [1786112264.172668623] [rviz2]: OpenGl version: 4.5 (GLSL 4.5)
[rviz2-11] [INFO] [1786112266.720595828] [rviz2]: Stereo is NOT SUPPORTED
[gazebo-2] [1;36m[Dbg] [gz.cc:166] [0m[1;36mSubscribing to [[0m[1;36m/gazebo/starting_world[0m[1;36m].[0m[1;36m[0m
[gazebo-2] [1;36m[Dbg] [gz.cc:168] [0m[1;36mWaiting for a world to be set from the GUI...[0m[1;36m[0m
[gazebo-2] [1;32m[Msg] [0m[1;32mReceived world [[0m[1;32m/mnt/d/2026/franka_pandas_cli/install/panda_description/share/panda_description/worlds/empty.world[0m[1;32m] from the GUI.[0m[1;32m[0m
[gazebo-2] [1;36m[Dbg] [gz.cc:172] [0m[1;36mUnsubscribing from [[0m[1;36m/gazebo/starting_world[0m[1;36m].[0m[1;36m[0m
[gazebo-2] [1;32m[Msg] [0m[1;32mGazebo Sim Server v[0m[1;32m8.10.0[0m[1;32m[0m
[gazebo-2] [1;32m[Msg] [0m[1;32mLoading SDF world file[[0m[1;32m/mnt/d/2026/franka_pandas_cli/install/panda_description/share/panda_description/worlds/empty.world[0m[1;32m].[0m
[gazebo-2] [1;33mWarning [Utils.cc:132][0m [/sdf/world[@name="empty_world"]/model[@name="Trash_01_001"]/pose[@frame=""]:/mnt/d/2026/franka_pandas_cli/install/panda_description/share/panda_description/worlds/empty.world:L100]: XML Attribute[frame] in element[pose] not defined in SDF.
[create-3] [INFO] [1786112268.019850958] [ros_gz_sim]: Requesting list of world names.
[gazebo-2] [1;32m[Msg] [0m[1;32mServing entity system service on [[0m[1;32m/[0m[1;32mentity/system/add[0m[1;32m][0m[1;32m[0m
[gazebo-2] [1;32m[Msg] [0m[1;32mLoaded level [[0m[1;32mdefault[0m[1;32m][0m[1;32m[0m
[gazebo-2] [1;32m[Msg] [0m[1;32mNo systems loaded from SDF, loading defaults[0m[1;32m[0m
[gazebo-2] [1;36m[Dbg] [ServerConfig.cc:1034] [0m[1;36mLoaded ([0m[1;36m3[0m[1;36m) plugins from file [0m[1;36m[[0m[1;36m/home/sgroot/.gz/sim/8/server.config[0m[1;36m][0m
[gazebo-2] [1;36m[Dbg] [Physics.cc:899] [0m[1;36mLoaded [[0m[1;36mgz::physics::dartsim::Plugin[0m[1;36m] from library [[0m[1;36m/opt/ros/jazzy/opt/gz_physics_vendor/lib/gz-physics-7/engine-plugins/libgz-physics-dartsim-plugin.so[0m[1;36m][0m[1;36m[0m
[gazebo-2] [1;36m[Dbg] [SystemManager.cc:80] [0m[1;36mLoaded system [[0m[1;36mgz::sim::systems::Physics[0m[1;36m] for entity [[0m[1;36m1[0m[1;36m][0m[1;36m[0m
[gazebo-2] [1;32m[Msg] [0m[1;32mCreate[0m[1;32m service on [[0m[1;32m/world/empty_world/create_multiple[0m[1;32m] (async)[0m[1;32m[0m
[gazebo-2] [1;32m[Msg] [0m[1;32mCreate[0m[1;32m service on [[0m[1;32m/world/empty_world/create_multiple/blocking[0m[1;32m] (blocking)[0m[1;32m[0m
[gazebo-2] [1;32m[Msg] [0m[1;32mRemove[0m[1;32m service on [[0m[1;32m/world/empty_world/remove[0m[1;32m] (async)[0m[1;32m[0m
[gazebo-2] [1;32m[Msg] [0m[1;32mRemove[0m[1;32m service on [[0m[1;32m/world/empty_world/remove/blocking[0m[1;32m] (blocking)[0m[1;32m[0m
[gazebo-2] [1;32m[Msg] [0m[1;32mPose[0m[1;32m service on [[0m[1;32m/world/empty_world/set_pose[0m[1;32m] (async)[0m[1;32m[0m
[gazebo-2] [1;32m[Msg] [0m[1;32mPose[0m[1;32m service on [[0m[1;32m/world/empty_world/set_pose/blocking[0m[1;32m] (blocking)[0m[1;32m[0m
[gazebo-2] [1;32m[Msg] [0m[1;32mPose[0m[1;32m service on [[0m[1;32m/world/empty_world/set_pose_vector[0m[1;32m] (async)[0m[1;32m[0m
[gazebo-2] [1;32m[Msg] [0m[1;32mPose[0m[1;32m service on [[0m[1;32m/world/empty_world/set_pose_vector/blocking[0m[1;32m] (blocking)[0m[1;32m[0m
[gazebo-2] [1;32m[Msg] [0m[1;32mLight configuration[0m[1;32m service on [[0m[1;32m/world/empty_world/light_config[0m[1;32m] (async)[0m[1;32m[0m
[gazebo-2] [1;32m[Msg] [0m[1;32mLight configuration[0m[1;32m service on [[0m[1;32m/world/empty_world/light_config/blocking[0m[1;32m] (blocking)[0m[1;32m[0m
[gazebo-2] [1;32m[Msg] [0m[1;32mPhysics[0m[1;32m service on [[0m[1;32m/world/empty_world/set_physics[0m[1;32m] (async)[0m[1;32m[0m
[gazebo-2] [1;32m[Msg] [0m[1;32mPhysics[0m[1;32m service on [[0m[1;32m/world/empty_world/set_physics/blocking[0m[1;32m] (blocking)[0m[1;32m[0m
[gazebo-2] [1;32m[Msg] [0m[1;32mSphericalCoordinates[0m[1;32m service on [[0m[1;32m/world/empty_world/set_spherical_coordinates[0m[1;32m] (async)[0m[1;32m[0m
[gazebo-2] [1;32m[Msg] [0m[1;32mSphericalCoordinates[0m[1;32m service on [[0m[1;32m/world/empty_world/set_spherical_coordinates/blocking[0m[1;32m] (blocking)[0m[1;32m[0m
[gazebo-2] [1;32m[Msg] [0m[1;32mEnable collision[0m[1;32m service on [[0m[1;32m/world/empty_world/enable_collision[0m[1;32m] (async)[0m[1;32m[0m
[gazebo-2] [1;32m[Msg] [0m[1;32mEnable collision[0m[1;32m service on [[0m[1;32m/world/empty_world/enable_collision/blocking[0m[1;32m] (blocking)[0m[1;32m[0m
[gazebo-2] [1;32m[Msg] [0m[1;32mDisable collision[0m[1;32m service on [[0m[1;32m/world/empty_world/disable_collision[0m[1;32m] (async)[0m[1;32m[0m
[gazebo-2] [1;32m[Msg] [0m[1;32mDisable collision[0m[1;32m service on [[0m[1;32m/world/empty_world/disable_collision/blocking[0m[1;32m] (blocking)[0m[1;32m[0m
[gazebo-2] [1;32m[Msg] [0m[1;32mMaterial[0m[1;32m service on [[0m[1;32m/world/empty_world/visual_config[0m[1;32m] (async)[0m[1;32m[0m
[gazebo-2] [1;32m[Msg] [0m[1;32mMaterial[0m[1;32m service on [[0m[1;32m/world/empty_world/visual_config/blocking[0m[1;32m] (blocking)[0m[1;32m[0m
[gazebo-2] [1;32m[Msg] [0m[1;32mMaterial[0m[1;32m service on [[0m[1;32m/world/empty_world/wheel_slip[0m[1;32m] (async)[0m[1;32m[0m
[gazebo-2] [1;32m[Msg] [0m[1;32mMaterial[0m[1;32m service on [[0m[1;32m/world/empty_world/wheel_slip/blocking[0m[1;32m] (blocking)[0m[1;32m[0m
[gazebo-2] [1;36m[Dbg] [SystemManager.cc:80] [0m[1;36mLoaded system [[0m[1;36mgz::sim::systems::UserCommands[0m[1;36m] for entity [[0m[1;36m1[0m[1;36m][0m[1;36m[0m
[gazebo-2] [1;36m[Dbg] [SystemManager.cc:80] [0m[1;36mLoaded system [[0m[1;36mgz::sim::systems::SceneBroadcaster[0m[1;36m] for entity [[0m[1;36m1[0m[1;36m][0m[1;36m[0m
[gazebo-2] [1;32m[Msg] [0m[1;32mServing world controls on [[0m[1;32m/world/empty_world[0m[1;32m/control], [[0m[1;32m/world/empty_world[0m[1;32m/control/state] and [[0m[1;32m/world/empty_world[0m[1;32m/playback/control][0m[1;32m[0m
[gazebo-2] [1;32m[Msg] [0m[1;32mServing GUI information on [[0m[1;32m/world/empty_world[0m[1;32m/[0m[1;32mgui/info[0m[1;32m][0m[1;32m[0m
[gazebo-2] [1;32m[Msg] [0m[1;32mWorld [[0m[1;32mempty_world[0m[1;32m] initialized with [[0m[1;32mdefault_physics[0m[1;32m] physics profile.[0m[1;32m[0m
[gazebo-2] [1;32m[Msg] [0m[1;32mServing world SDF generation service on [[0m[1;32m/world/empty_world[0m[1;32m/[0m[1;32mgenerate_world_sdf[0m[1;32m][0m[1;32m[0m
[gazebo-2] [1;32m[Msg] [0m[1;32mServing world names on [[0m[1;32m/gazebo/worlds[0m[1;32m][0m[1;32m[0m
[gazebo-2] [1;32m[Msg] [0m[1;32mResource path add service on [[0m[1;32m/gazebo/resource_paths/add[0m[1;32m].[0m[1;32m[0m
[gazebo-2] [1;32m[Msg] [0m[1;32mResource path get service on [[0m[1;32m/gazebo/resource_paths/get[0m[1;32m].[0m[1;32m[0m
[gazebo-2] [1;32m[Msg] [0m[1;32mResource path resolve service on [[0m[1;32m/gazebo/resource_paths/resolve[0m[1;32m].[0m[1;32m[0m
[gazebo-2] [1;32m[Msg] [0m[1;32mResource paths published on [[0m[1;32m/gazebo/resource_paths[0m[1;32m].[0m[1;32m[0m
[gazebo-2] [1;32m[Msg] [0m[1;32mServer control service on [[0m[1;32m/server_control[0m[1;32m].[0m[1;32m[0m
[gazebo-2] [1;32m[Msg] [0m[1;32mFound no publishers on /stats, adding root stats topic[0m[1;32m[0m
[gazebo-2] [1;32m[Msg] [0m[1;32mFound no publishers on /clock, adding root clock topic[0m[1;32m[0m
[gazebo-2] [1;36m[Dbg] [SimulationRunner.cc:533] [0m[1;36mCreating PostUpdate worker threads: [0m[1;36m2[0m[1;36m[0m
[gazebo-2] [1;36m[Dbg] [SimulationRunner.cc:544] [0m[1;36mCreating postupdate worker thread ([0m[1;36m0[0m[1;36m)[0m[1;36m[0m
[gazebo-2] [1;36m[Dbg] [SDFFeatures.cc:332] [0m[1;36mMesh construction from an SDF has not been implemented yet for [0m[1;36mdartsim. Use AttachMeshShapeFeature to use mesh shapes.[0m
[gazebo-2] [1;36m[Dbg] [SDFFeatures.cc:864] [0m[1;36mThe geometry element of collision [[0m[1;36mcollision[0m[1;36m] [0m[1;36mcouldn't be created[0m
[gazebo-2] [1;36m[Dbg] [SDFFeatures.cc:332] [0m[1;36mMesh construction from an SDF has not been implemented yet for [0m[1;36mdartsim. Use AttachMeshShapeFeature to use mesh shapes.[0m
[gazebo-2] [1;36m[Dbg] [SDFFeatures.cc:864] [0m[1;36mThe geometry element of collision [[0m[1;36mcollision[0m[1;36m] [0m[1;36mcouldn't be created[0m
[gazebo-2] [1;36m[Dbg] [SDFFeatures.cc:332] [0m[1;36mMesh construction from an SDF has not been implemented yet for [0m[1;36mdartsim. Use AttachMeshShapeFeature to use mesh shapes.[0m
[gazebo-2] [1;36m[Dbg] [SDFFeatures.cc:864] [0m[1;36mThe geometry element of collision [[0m[1;36mcollision[0m[1;36m] [0m[1;36mcouldn't be created[0m
[gazebo-2] [1;36m[Dbg] [SDFFeatures.cc:332] [0m[1;36mMesh construction from an SDF has not been implemented yet for [0m[1;36mdartsim. Use AttachMeshShapeFeature to use mesh shapes.[0m
[gazebo-2] [1;36m[Dbg] [SDFFeatures.cc:864] [0m[1;36mThe geometry element of collision [[0m[1;36mcollision[0m[1;36m] [0m[1;36mcouldn't be created[0m
[gazebo-2] [1;36m[Dbg] [SDFFeatures.cc:332] [0m[1;36mMesh construction from an SDF has not been implemented yet for [0m[1;36mdartsim. Use AttachMeshShapeFeature to use mesh shapes.[0m
[gazebo-2] [1;36m[Dbg] [SDFFeatures.cc:864] [0m[1;36mThe geometry element of collision [[0m[1;36mcollision[0m[1;36m] [0m[1;36mcouldn't be created[0m
[gazebo-2] [1;32m[Msg] [0m[1;32mServing scene information on [[0m[1;32m/world/empty_world[0m[1;32m/[0m[1;32mscene/info[0m[1;32m][0m[1;32m[0m
[gazebo-2] [1;32m[Msg] [0m[1;32mServing graph information on [[0m[1;32m/world/empty_world[0m[1;32m/[0m[1;32mscene/graph[0m[1;32m][0m[1;32m[0m
[create-3] [INFO] [1786112272.119925303] [ros_gz_sim]: Waiting messages on topic [robot_description].
[create-3] [INFO] [1786112272.192050165] [ros_gz_sim]: Entity creation successful.
[INFO] [create-3]: process has finished cleanly [pid 32925]
[gazebo-2] [1;32m[Msg] [0m[1;32mServing full state on [[0m[1;32m/world/empty_world[0m[1;32m/[0m[1;32mstate[0m[1;32m][0m[1;32m[0m
[gazebo-2] [1;32m[Msg] [0m[1;32mServing full state (async) on [[0m[1;32m/world/empty_world[0m[1;32m/[0m[1;32mstate_async[0m[1;32m][0m[1;32m[0m
[gazebo-2] [1;32m[Msg] [0m[1;32mPublishing scene information on [[0m[1;32m/world/empty_world/scene/info[0m[1;32m][0m[1;32m[0m
[gazebo-2] [1;32m[Msg] [0m[1;32mPublishing entity deletions on [[0m[1;32m/world/empty_world/scene/deletion[0m[1;32m][0m[1;32m[0m
[gazebo-2] [1;32m[Msg] [0m[1;32mPublishing state changes on [[0m[1;32m/world/empty_world/state[0m[1;32m][0m[1;32m[0m
[gazebo-2] [1;32m[Msg] [0m[1;32mPublishing pose messages on [[0m[1;32m/world/empty_world[0m[1;32m/[0m[1;32mpose/info[0m[1;32m][0m[1;32m[0m
[gazebo-2] [1;32m[Msg] [0m[1;32mPublishing dynamic pose messages on [[0m[1;32m/world/empty_world[0m[1;32m/[0m[1;32mdynamic_pose/info[0m[1;32m][0m[1;32m[0m
[gazebo-2] [1;36m[Dbg] [EntityComponentManager.cc:1656] [0m[1;36mUpdated state thread iterators: [0m[1;36m8[0m[1;36m threads processing around [0m[1;36m6[0m[1;36m entities each.[0m[1;36m[0m
[gazebo-2] [1;33mWarning [Utils.cc:132][0m [/sdf/model[@name="panda"]/link[@name="panda_link0"]/sensor[@name="camera"]/alwaysOn:<urdf-string>:L0]: XML Element[alwaysOn], child of element[sensor], not defined in SDF. Copying[alwaysOn] as children of [sensor].
[gazebo-2] [1;33mWarning [Utils.cc:132][0m [/sdf/model[@name="panda"]/link[@name="panda_link0"]/sensor[@name="camera"]/gz_frame_id:<urdf-string>:L0]: XML Element[gz_frame_id], child of element[sensor], not defined in SDF. Copying[gz_frame_id] as children of [sensor].
[gazebo-2] [1;32m[Msg] [0m[1;32mGazebo Sim GUI    v[0m[1;32m8.10.0[0m[1;32m[0m
[gazebo-2] [1;36m[Dbg] [Gui.cc:275] [0m[1;36mWaiting for subscribers to [[0m[1;36m/gazebo/starting_world[0m[1;36m]...[0m[1;36m[0m
[gazebo-2] [1;36m[Dbg] [Application.cc:96] [0m[1;36mInitializing application.[0m[1;36m[0m
[gazebo-2] [1;36m[Dbg] [Application.cc:170] [0m[1;36mQt using OpenGL graphics interface[0m[1;36m[0m
[gazebo-2] [1;36m[GUI] [Dbg] [Application.cc:657] [0m[1;36mCreate main window[0m[1;36m[0m
[gazebo-2] [1;36m[GUI] [Dbg] [PathManager.cc:68] [0m[1;36mRequesting resource paths through [[0m[1;36m/gazebo/resource_paths/get[0m[1;36m][0m[1;36m[0m
[gazebo-2] [1;36m[GUI] [Dbg] [Gui.cc:355] [0m[1;36mGUI requesting list of world names. The server may be busy [0m[1;36mdownloading resources. Please be patient.[0m[1;36m[0m
[gazebo-2] [1;36m[GUI] [Dbg] [Gui.cc:355] [0m[1;36mGUI requesting list of world names. The server may be busy [0m[1;36mdownloading resources. Please be patient.[0m[1;36m[0m
[gazebo-2] [1;36m[GUI] [Dbg] [Gui.cc:413] [0m[1;36mRequesting GUI from [[0m[1;36m/world/empty_world/gui/info[0m[1;36m]...[0m[1;36m[0m
[gazebo-2] [1;36m[GUI] [Dbg] [GuiRunner.cc:149] [0m[1;36mRequesting initial state from [[0m[1;36m/world/empty_world/state[0m[1;36m]...[0m[1;36m[0m
[gazebo-2] [1;32m[GUI] [0m[1;32m[Msg] [0m[1;32mLoading config [[0m[1;32m/home/sgroot/.gz/sim/8/gui.config[0m[1;32m][0m[1;32m[0m
[gazebo-2] [1;36m[GUI] [Dbg] [Application.cc:528] [0m[1;36mLoading plugin [[0m[1;36mMinimalScene[0m[1;36m][0m[1;36m[0m
[gazebo-2] [1;36m[GUI] [Dbg] [MinimalScene.cc:802] [0m[1;36mCreating gz-rendering interface for OpenGL[0m[1;36m[0m
[gazebo-2] [1;36m[GUI] [Dbg] [MinimalScene.cc:802] [0m[1;36mCreating gz-rendering interface for OpenGL[0m[1;36m[0m
[gazebo-2] [1;36m[GUI] [Dbg] [MinimalScene.cc:986] [0m[1;36mCreating render thread interface for OpenGL[0m[1;36m[0m
[gazebo-2] [1;36m[GUI] [Dbg] [MinimalScene.cc:802] [0m[1;36mCreating gz-rendering interface for OpenGL[0m[1;36m[0m
[gazebo-2] [1;36m[GUI] [Dbg] [MinimalScene.cc:986] [0m[1;36mCreating render thread interface for OpenGL[0m[1;36m[0m
[gazebo-2] [1;32m[GUI] [0m[1;32m[Msg] [0m[1;32mAdded plugin [[0m[1;32m3D View[0m[1;32m] to main window[0m[1;32m[0m
[gazebo-2] [1;32m[GUI] [0m[1;32m[Msg] [0m[1;32mLoaded plugin [[0m[1;32mMinimalScene[0m[1;32m] from path [[0m[1;32m/opt/ros/jazzy/opt/gz_gui_vendor/lib/gz-gui-8/plugins/libMinimalScene.so[0m[1;32m][0m[1;32m[0m
[gazebo-2] [1;36m[GUI] [Dbg] [Application.cc:528] [0m[1;36mLoading plugin [[0m[1;36mEntityContextMenuPlugin[0m[1;36m][0m[1;36m[0m
[gazebo-2] [1;32m[GUI] [0m[1;32m[Msg] [0m[1;32mCurrently tracking topic on [[0m[1;32m/gui/currently_tracked[0m[1;32m][0m[1;32m[0m
[gazebo-2] [1;32m[GUI] [0m[1;32m[Msg] [0m[1;32mAdded plugin [[0m[1;32mEntity Context Menu[0m[1;32m] to main window[0m[1;32m[0m
[gazebo-2] [1;32m[GUI] [0m[1;32m[Msg] [0m[1;32mLoaded plugin [[0m[1;32mEntityContextMenuPlugin[0m[1;32m] from path [[0m[1;32m/opt/ros/jazzy/opt/gz_sim_vendor/lib/gz-sim-8/plugins/gui/libEntityContextMenuPlugin.so[0m[1;32m][0m[1;32m[0m
[gazebo-2] [1;36m[GUI] [Dbg] [Application.cc:528] [0m[1;36mLoading plugin [[0m[1;36mGzSceneManager[0m[1;36m][0m[1;36m[0m
[gazebo-2] [1;32m[GUI] [0m[1;32m[Msg] [0m[1;32mAdded plugin [[0m[1;32mScene Manager[0m[1;32m] to main window[0m[1;32m[0m
[gazebo-2] [1;32m[GUI] [0m[1;32m[Msg] [0m[1;32mLoaded plugin [[0m[1;32mGzSceneManager[0m[1;32m] from path [[0m[1;32m/opt/ros/jazzy/opt/gz_sim_vendor/lib/gz-sim-8/plugins/gui/libGzSceneManager.so[0m[1;32m][0m[1;32m[0m
[gazebo-2] [1;36m[GUI] [Dbg] [Application.cc:528] [0m[1;36mLoading plugin [[0m[1;36mInteractiveViewControl[0m[1;36m][0m[1;36m[0m
[gazebo-2] [1;32m[GUI] [0m[1;32m[Msg] [0m[1;32mCamera view controller topic advertised on [[0m[1;32m/gui/camera/view_control[0m[1;32m][0m[1;32m[0m
[gazebo-2] [1;32m[GUI] [0m[1;32m[Msg] [0m[1;32mCamera reference visual topic advertised on [[0m[1;32m/gui/camera/view_control/reference_visual[0m[1;32m][0m[1;32m[0m
[gazebo-2] [1;32m[GUI] [0m[1;32m[Msg] [0m[1;32mCamera view control sensitivity advertised on [[0m[1;32m/gui/camera/view_control/sensitivity[0m[1;32m][0m[1;32m[0m
[move_group-10] [INFO] [1786112481.846413211] [move_group.moveit.moveit.kinematics.kdl_kinematics_plugin]: Joint weights for group 'arm': 1 1 1 1 1 1 1
[move_group-10] [ERROR] [1786112481.864481202] [move_group.moveit.moveit.kinematics.kdl_kinematics_plugin]: Group 'gripper' is not a chain
[move_group-10] [ERROR] [1786112481.865456202] [move_group.moveit.moveit.ros.kinematics_plugin_loader]: Kinematics solver of type 'kdl_kinematics_plugin/KDLKinematicsPlugin' could not be initialized for group 'gripper'
[move_group-10] [ERROR] [1786112481.865891501] [move_group.moveit.moveit.ros.robot_model_loader]: Kinematics solver could not be instantiated for joint group gripper.
[gazebo-2] [INFO] [1786112482.450990900] [gz_ros_control]: [gz_ros2_control] Fixed joint [virtual_joint] (Entity=83)] is skipped
[gazebo-2] [1;32m[GUI] [0m[1;32m[Msg] [0m[1;32mAdded plugin [[0m[1;32mInteractive view control[0m[1;32m] to main window[0m[1;32m[0m
[gazebo-2] [1;32m[GUI] [0m[1;32m[Msg] [0m[1;32mLoaded plugin [[0m[1;32mInteractiveViewControl[0m[1;32m] from path [[0m[1;32m/opt/ros/jazzy/opt/gz_gui_vendor/lib/gz-gui-8/plugins/libInteractiveViewControl.so[0m[1;32m][0m[1;32m[0m
[gazebo-2] [1;36m[GUI] [Dbg] [Application.cc:528] [0m[1;36mLoading plugin [[0m[1;36mCameraTracking[0m[1;36m][0m[1;36m[0m
[gazebo-2] [1;32m[GUI] [0m[1;32m[Msg] [0m[1;32mAdded plugin [[0m[1;32mCamera tracking[0m[1;32m] to main window[0m[1;32m[0m
[gazebo-2] [1;32m[GUI] [0m[1;32m[Msg] [0m[1;32mLoaded plugin [[0m[1;32mCameraTracking[0m[1;32m] from path [[0m[1;32m/opt/ros/jazzy/opt/gz_gui_vendor/lib/gz-gui-8/plugins/libCameraTracking.so[0m[1;32m][0m[1;32m[0m
[gazebo-2] [1;36m[GUI] [Dbg] [Application.cc:528] [0m[1;36mLoading plugin [[0m[1;36mMarkerManager[0m[1;36m][0m[1;36m[0m
[gazebo-2] [1;32m[GUI] [0m[1;32m[Msg] [0m[1;32mListening to stats on [[0m[1;32m/world/empty_world/stats[0m[1;32m][0m[1;32m[0m
[gazebo-2] [1;32m[GUI] [0m[1;32m[Msg] [0m[1;32mAdded plugin [[0m[1;32mMarker Manager[0m[1;32m] to main window[0m[1;32m[0m
[gazebo-2] [1;32m[GUI] [0m[1;32m[Msg] [0m[1;32mLoaded plugin [[0m[1;32mMarkerManager[0m[1;32m] from path [[0m[1;32m/opt/ros/jazzy/opt/gz_gui_vendor/lib/gz-gui-8/plugins/libMarkerManager.so[0m[1;32m][0m[1;32m[0m
[gazebo-2] [1;36m[GUI] [Dbg] [Application.cc:528] [0m[1;36mLoading plugin [[0m[1;36mSelectEntities[0m[1;36m][0m[1;36m[0m
[gazebo-2] [1;32m[GUI] [0m[1;32m[Msg] [0m[1;32mAdded plugin [[0m[1;32mSelect entities[0m[1;32m] to main window[0m[1;32m[0m
[gazebo-2] [1;32m[GUI] [0m[1;32m[Msg] [0m[1;32mLoaded plugin [[0m[1;32mSelectEntities[0m[1;32m] from path [[0m[1;32m/opt/ros/jazzy/opt/gz_sim_vendor/lib/gz-sim-8/plugins/gui/libSelectEntities.so[0m[1;32m][0m[1;32m[0m
[gazebo-2] [1;36m[GUI] [Dbg] [Application.cc:528] [0m[1;36mLoading plugin [[0m[1;36mSpawn[0m[1;36m][0m[1;36m[0m
[gazebo-2] [1;32m[GUI] [0m[1;32m[Msg] [0m[1;32mAdded plugin [[0m[1;32mSpawn[0m[1;32m] to main window[0m[1;32m[0m
[gazebo-2] [1;32m[GUI] [0m[1;32m[Msg] [0m[1;32mLoaded plugin [[0m[1;32mSpawn[0m[1;32m] from path [[0m[1;32m/opt/ros/jazzy/opt/gz_sim_vendor/lib/gz-sim-8/plugins/gui/libSpawn.so[0m[1;32m][0m[1;32m[0m
[gazebo-2] [1;36m[GUI] [Dbg] [Application.cc:528] [0m[1;36mLoading plugin [[0m[1;36mVisualizationCapabilities[0m[1;36m][0m[1;36m[0m
[gazebo-2] [1;32m[GUI] [0m[1;32m[Msg] [0m[1;32mView as transparent service on [[0m[1;32m/gui/view/transparent[0m[1;32m][0m[1;32m[0m
[gazebo-2] [1;32m[GUI] [0m[1;32m[Msg] [0m[1;32mView as wireframes service on [[0m[1;32m/gui/view/wireframes[0m[1;32m][0m[1;32m[0m
[gazebo-2] [1;32m[GUI] [0m[1;32m[Msg] [0m[1;32mView center of mass service on [[0m[1;32m/gui/view/com[0m[1;32m][0m[1;32m[0m
[gazebo-2] [1;32m[GUI] [0m[1;32m[Msg] [0m[1;32mView inertia service on [[0m[1;32m/gui/view/inertia[0m[1;32m][0m[1;32m[0m
[gazebo-2] [1;32m[GUI] [0m[1;32m[Msg] [0m[1;32mView collisions service on [[0m[1;32m/gui/view/collisions[0m[1;32m][0m[1;32m[0m
[gazebo-2] [1;32m[GUI] [0m[1;32m[Msg] [0m[1;32mView joints service on [[0m[1;32m/gui/view/joints[0m[1;32m][0m[1;32m[0m
[gazebo-2] [1;32m[GUI] [0m[1;32m[Msg] [0m[1;32mView frames service on [[0m[1;32m/gui/view/frames[0m[1;32m][0m[1;32m[0m
[gazebo-2] [1;32m[GUI] [0m[1;32m[Msg] [0m[1;32mAdded plugin [[0m[1;32mVisualization capabilities[0m[1;32m] to main window[0m[1;32m[0m
[gazebo-2] [1;32m[GUI] [0m[1;32m[Msg] [0m[1;32mLoaded plugin [[0m[1;32mVisualizationCapabilities[0m[1;32m] from path [[0m[1;32m/opt/ros/jazzy/opt/gz_sim_vendor/lib/gz-sim-8/plugins/gui/libVisualizationCapabilities.so[0m[1;32m][0m[1;32m[0m
[gazebo-2] [1;36m[GUI] [Dbg] [Application.cc:528] [0m[1;36mLoading plugin [[0m[1;36mWorldControl[0m[1;36m][0m[1;36m[0m
[gazebo-2] [1;32m[GUI] [0m[1;32m[Msg] [0m[1;32mUsing world control service [[0m[1;32m/world/empty_world/control[0m[1;32m][0m[1;32m[0m
[gazebo-2] [1;32m[GUI] [0m[1;32m[Msg] [0m[1;32mListening to stats on [[0m[1;32m/world/empty_world/stats[0m[1;32m][0m[1;32m[0m
[move_group-10] [INFO] [1786112485.222440069] [move_group.moveit.moveit.ros.planning_scene_monitor]: Publishing maintained planning scene on 'monitored_planning_scene'
[move_group-10] [INFO] [1786112485.227705067] [move_group.moveit.moveit.ros.moveit_cpp]: Listening to 'joint_states' for joint states
[move_group-10] [INFO] [1786112485.240855660] [move_group.moveit.moveit.ros.current_state_monitor]: Listening to joint states on topic 'joint_states'
[move_group-10] [INFO] [1786112485.249361056] [move_group.moveit.moveit.ros.planning_scene_monitor]: Listening to '/attached_collision_object' for attached collision objects
[move_group-10] [INFO] [1786112485.249668855] [move_group.moveit.moveit.ros.planning_scene_monitor]: Stopping existing planning scene publisher.
[move_group-10] [INFO] [1786112485.255680552] [move_group.moveit.moveit.ros.planning_scene_monitor]: Stopped publishing maintained planning scene.
[move_group-10] [INFO] [1786112485.265273047] [move_group.moveit.moveit.ros.planning_scene_monitor]: Publishing maintained planning scene on 'monitored_planning_scene'
[move_group-10] [INFO] [1786112485.268747846] [move_group.moveit.moveit.ros.planning_scene_monitor]: Starting planning scene monitor
[move_group-10] [INFO] [1786112485.289792235] [move_group.moveit.moveit.ros.planning_scene_monitor]: Listening to '/planning_scene'
[move_group-10] [INFO] [1786112485.290057035] [move_group.moveit.moveit.ros.planning_scene_monitor]: Starting world geometry update monitor for collision objects, attached objects, octomap updates.
[move_group-10] [INFO] [1786112485.297312931] [move_group.moveit.moveit.ros.planning_scene_monitor]: Listening to 'collision_object'
[move_group-10] [INFO] [1786112485.325128217] [move_group.moveit.moveit.ros.planning_scene_monitor]: Listening to 'planning_scene_world' for planning scene world geometry
[move_group-10] [WARN] [1786112485.584215083] [move_group.moveit.moveit.ros.occupancy_map_monitor]: Resolution not specified for Octomap. Assuming resolution = 0.1 instead
[move_group-10] [ERROR] [1786112485.584423783] [move_group.moveit.moveit.ros.occupancy_map_monitor]: No 3D sensor plugin(s) defined for octomap updates
[gazebo-2] [INFO] [1786112485.585473182] [gz_ros_control]: Loading controller_manager
[gazebo-2] [1;36m[GUI] [Dbg] [WorldControl.cc:237] [0m[1;36mUsing an event to share WorldControl msgs with the server[0m
[gazebo-2] [1;32m[GUI] [0m[1;32m[Msg] [0m[1;32mAdded plugin [[0m[1;32mWorld control[0m[1;32m] to main window[0m[1;32m[0m
[gazebo-2] [1;32m[GUI] [0m[1;32m[Msg] [0m[1;32mLoaded plugin [[0m[1;32mWorldControl[0m[1;32m] from path [[0m[1;32m/opt/ros/jazzy/opt/gz_gui_vendor/lib/gz-gui-8/plugins/libWorldControl.so[0m[1;32m][0m[1;32m[0m
[gazebo-2] [1;36m[GUI] [Dbg] [Application.cc:528] [0m[1;36mLoading plugin [[0m[1;36mWorldStats[0m[1;36m][0m[1;36m[0m
[gazebo-2] [1;32m[GUI] [0m[1;32m[Msg] [0m[1;32mListening to stats on [[0m[1;32m/world/empty_world/stats[0m[1;32m][0m[1;32m[0m
[gazebo-2] [1;32m[GUI] [0m[1;32m[Msg] [0m[1;32mAdded plugin [[0m[1;32mWorld stats[0m[1;32m] to main window[0m[1;32m[0m
[gazebo-2] [1;32m[GUI] [0m[1;32m[Msg] [0m[1;32mLoaded plugin [[0m[1;32mWorldStats[0m[1;32m] from path [[0m[1;32m/opt/ros/jazzy/opt/gz_gui_vendor/lib/gz-gui-8/plugins/libWorldStats.so[0m[1;32m][0m[1;32m[0m
[gazebo-2] [1;36m[GUI] [Dbg] [Application.cc:528] [0m[1;36mLoading plugin [[0m[1;36mShapes[0m[1;36m][0m[1;36m[0m
[gazebo-2] [1;32m[GUI] [0m[1;32m[Msg] [0m[1;32mAdded plugin [[0m[1;32mShapes[0m[1;32m] to main window[0m[1;32m[0m
[gazebo-2] [1;32m[GUI] [0m[1;32m[Msg] [0m[1;32mLoaded plugin [[0m[1;32mShapes[0m[1;32m] from path [[0m[1;32m/opt/ros/jazzy/opt/gz_sim_vendor/lib/gz-sim-8/plugins/gui/libShapes.so[0m[1;32m][0m[1;32m[0m
[gazebo-2] [1;36m[GUI] [Dbg] [Application.cc:528] [0m[1;36mLoading plugin [[0m[1;36mLights[0m[1;36m][0m[1;36m[0m
[gazebo-2] [1;32m[GUI] [0m[1;32m[Msg] [0m[1;32mAdded plugin [[0m[1;32mLights[0m[1;32m] to main window[0m[1;32m[0m
[gazebo-2] [1;32m[GUI] [0m[1;32m[Msg] [0m[1;32mLoaded plugin [[0m[1;32mLights[0m[1;32m] from path [[0m[1;32m/opt/ros/jazzy/opt/gz_sim_vendor/lib/gz-sim-8/plugins/gui/libLights.so[0m[1;32m][0m[1;32m[0m
[gazebo-2] [1;36m[GUI] [Dbg] [Application.cc:528] [0m[1;36mLoading plugin [[0m[1;36mTransformControl[0m[1;36m][0m[1;36m[0m
[gazebo-2] [1;32m[GUI] [0m[1;32m[Msg] [0m[1;32mAdded plugin [[0m[1;32mTransform control[0m[1;32m] to main window[0m[1;32m[0m
[gazebo-2] [1;32m[GUI] [0m[1;32m[Msg] [0m[1;32mLoaded plugin [[0m[1;32mTransformControl[0m[1;32m] from path [[0m[1;32m/opt/ros/jazzy/opt/gz_sim_vendor/lib/gz-sim-8/plugins/gui/libTransformControl.so[0m[1;32m][0m[1;32m[0m
[gazebo-2] [1;36m[GUI] [Dbg] [Application.cc:528] [0m[1;36mLoading plugin [[0m[1;36mScreenshot[0m[1;36m][0m[1;36m[0m
[gazebo-2] [1;32m[GUI] [0m[1;32m[Msg] [0m[1;32mScreenshot service on [[0m[1;32m/gui/screenshot[0m[1;32m][0m[1;32m[0m
[gazebo-2] [1;32m[GUI] [0m[1;32m[Msg] [0m[1;32mAdded plugin [[0m[1;32mScreenshot[0m[1;32m] to main window[0m[1;32m[0m
[gazebo-2] [1;32m[GUI] [0m[1;32m[Msg] [0m[1;32mLoaded plugin [[0m[1;32mScreenshot[0m[1;32m] from path [[0m[1;32m/opt/ros/jazzy/opt/gz_gui_vendor/lib/gz-gui-8/plugins/libScreenshot.so[0m[1;32m][0m[1;32m[0m
[gazebo-2] [1;36m[GUI] [Dbg] [Application.cc:528] [0m[1;36mLoading plugin [[0m[1;36mCopyPaste[0m[1;36m][0m[1;36m[0m
[gazebo-2] [1;32m[GUI] [0m[1;32m[Msg] [0m[1;32mAdded plugin [[0m[1;32mCopy/Paste[0m[1;32m] to main window[0m[1;32m[0m
[gazebo-2] [1;32m[GUI] [0m[1;32m[Msg] [0m[1;32mLoaded plugin [[0m[1;32mCopyPaste[0m[1;32m] from path [[0m[1;32m/opt/ros/jazzy/opt/gz_sim_vendor/lib/gz-sim-8/plugins/gui/libCopyPaste.so[0m[1;32m][0m[1;32m[0m
[gazebo-2] [1;36m[GUI] [Dbg] [Application.cc:528] [0m[1;36mLoading plugin [[0m[1;36mComponentInspector[0m[1;36m][0m[1;36m[0m
[gazebo-2] [1;32m[GUI] [0m[1;32m[Msg] [0m[1;32mAdded plugin [[0m[1;32mComponent inspector[0m[1;32m] to main window[0m[1;32m[0m
[gazebo-2] [1;32m[GUI] [0m[1;32m[Msg] [0m[1;32mLoaded plugin [[0m[1;32mComponentInspector[0m[1;32m] from path [[0m[1;32m/opt/ros/jazzy/opt/gz_sim_vendor/lib/gz-sim-8/plugins/gui/libComponentInspector.so[0m[1;32m][0m[1;32m[0m
[gazebo-2] [1;36m[GUI] [Dbg] [Application.cc:528] [0m[1;36mLoading plugin [[0m[1;36mEntityTree[0m[1;36m][0m[1;36m[0m
[gazebo-2] [1;32m[GUI] [0m[1;32m[Msg] [0m[1;32mCurrently tracking topic on [[0m[1;32m/gui/currently_tracked[0m[1;32m][0m[1;32m[0m
[move_group-10] [FATAL] [1786112488.079986995] [move_group.moveit.moveit.ros.planning_pipeline]: Exception while loading planner 'pilz_industrial_motion_planner/CommandPlanner': According to the loaded plugin descriptions the class pilz_industrial_motion_planner/CommandPlanner with base class type planning_interface::PlannerManager does not exist. Declared types are Available plugins: 
[move_group-10] terminate called after throwing an instance of 'pluginlib::LibraryLoadException'
[move_group-10]   what():  According to the loaded plugin descriptions the class pilz_industrial_motion_planner/CommandPlanner with base class type planning_interface::PlannerManager does not exist. Declared types are 
[move_group-10] Stack trace (most recent call last):
[move_group-10] #16   Object "", at 0xffffffffffffffff, in 
[move_group-10] #15   Object "/opt/ros/jazzy/lib/moveit_ros_move_group/move_group", at 0x6113326f6a44, in _start
[move_group-10] #14   Object "/usr/lib/x86_64-linux-gnu/libc.so.6", at 0x7435f182a28a, in __libc_start_main
[move_group-10] #13   Object "/usr/lib/x86_64-linux-gnu/libc.so.6", at 0x7435f182a1c9, in 
[move_group-10] #12   Object "/opt/ros/jazzy/lib/moveit_ros_move_group/move_group", at 0x6113326f5162, in main
[move_group-10] #11   Object "/opt/ros/jazzy/lib/libmoveit_cpp.so.2.12.4", at 0x7435f2532b6e, in moveit_cpp::MoveItCpp::MoveItCpp(std::shared_ptr<rclcpp::Node> const&, moveit_cpp::MoveItCpp::Options const&)
[move_group-10] #10   Object "/opt/ros/jazzy/lib/libmoveit_cpp.so.2.12.4", at 0x7435f252dd07, in moveit_cpp::MoveItCpp::loadPlanningPipelines(moveit_cpp::MoveItCpp::PlanningPipelineOptions const&)
[move_group-10] #9    Object "/opt/ros/jazzy/lib/libmoveit_planning_pipeline_interfaces.so.2.12.4", at 0x7435f1b1286e, in moveit::planning_pipeline_interfaces::createPlanningPipelineMap(std::vector<std::__cxx11::basic_string<char, std::char_traits<char>, std::allocator<char> >, std::allocator<std::__cxx11::basic_string<char, std::char_traits<char>, std::allocator<char> > > > const&, std::shared_ptr<moveit::core::RobotModel const> const&, std::shared_ptr<rclcpp::Node> const&, std::__cxx11::basic_string<char, std::char_traits<char>, std::allocator<char> > const&)
[move_group-10] #8    Object "/opt/ros/jazzy/lib/libmoveit_planning_pipeline.so.2.12.4", at 0x7435f17ab1bf, in planning_pipeline::PlanningPipeline::PlanningPipeline(std::shared_ptr<moveit::core::RobotModel const> const&, std::shared_ptr<rclcpp::Node> const&, std::__cxx11::basic_string<char, std::char_traits<char>, std::allocator<char> > const&)
[move_group-10] #7    Object "/opt/ros/jazzy/lib/libmoveit_planning_pipeline.so.2.12.4", at 0x7435f1795da2, in 
[move_group-10] #6    Object "/usr/lib/x86_64-linux-gnu/libstdc++.so.6.0.33", at 0x7435f1ca5a6e, in 
[move_group-10] #5    Object "/usr/lib/x86_64-linux-gnu/libstdc++.so.6.0.33", at 0x7435f1ca5a54, in std::terminate()
[move_group-10] #4    Object "/usr/lib/x86_64-linux-gnu/libstdc++.so.6.0.33", at 0x7435f1cbb0d9, in 
[move_group-10] #3    Object "/usr/lib/x86_64-linux-gnu/libstdc++.so.6.0.33", at 0x7435f1ca5ff4, in 
[move_group-10] #2    Object "/usr/lib/x86_64-linux-gnu/libc.so.6", at 0x7435f18288fe, in abort
[move_group-10] #1    Object "/usr/lib/x86_64-linux-gnu/libc.so.6", at 0x7435f184527d, in raise
[move_group-10] #0    Object "/usr/lib/x86_64-linux-gnu/libc.so.6", at 0x7435f189ec0c, in pthread_kill
[move_group-10] Aborted (Signal sent by tkill() 32933 1000)
[spawner-7] [INFO] [1786112489.092759972] [spawner_joint_state_broadcaster]: waiting for service /controller_manager/list_controllers to become available...
[rviz2-11] Warning: class_loader.impl: SEVERE WARNING!!! A namespace collision has occurred with plugin factory for class rviz_default_plugins::displays::InteractiveMarkerDisplay. New factory will OVERWRITE existing one. This situation occurs when libraries containing plugins are directly linked against an executable (the one running right now generating this message). Please separate plugins out into their own library or just don't link against the library and use either class_loader::ClassLoader/MultiLibraryClassLoader to open.
[rviz2-11]          at line 321 in /opt/ros/jazzy/include/class_loader/class_loader/class_loader_core.hpp
[rviz2-11] [WARN] [1786112495.055673996] [rcl.logging_rosout]: Publisher already registered for node name: 'rviz2'. If this is due to multiple nodes with the same name then all logs for the logger named 'rviz2' will go out over the existing publisher. As soon as any node with that name is destructed it will unregister the publisher, preventing any further logs for that name from being published on the rosout topic.
[gazebo-2] [INFO] [1786112291.948270868] [controller_manager]: Using ROS clock for triggering controller manager cycles.
[gazebo-2] [INFO] [1786112292.062643509] [controller_manager]: Subscribing to '/robot_description' topic for robot description.
[gazebo-2] [WARN] [1786112292.223825926] [gz_ros_control]: Waiting RM to load and initialize hardware...
[gazebo-2] [INFO] [1786112292.226474525] [controller_manager]: Received robot description from topic.
[rviz2-11] [ERROR] [1786112293.917897252] [rviz2.moveit.ros.motion_planning_frame]: Action server: /recognize_objects not available
[gazebo-2] [INFO] [1786112294.407486999] [gz_ros_control]: The position_proportional_gain has been set to: 0.1
[gazebo-2] [INFO] [1786112294.427333389] [gz_ros_control]: Loading joint: panda_joint1
[gazebo-2] [INFO] [1786112294.427677889] [gz_ros_control]: 	State:
[gazebo-2] [INFO] [1786112294.427761489] [gz_ros_control]: 		 position
[gazebo-2] [INFO] [1786112294.427817989] [gz_ros_control]: 	Command:
[gazebo-2] [INFO] [1786112294.427855989] [gz_ros_control]: 		 position
[gazebo-2] [INFO] [1786112294.428045989] [gz_ros_control]: Loading joint: panda_joint2
[gazebo-2] [INFO] [1786112294.428089889] [gz_ros_control]: 	State:
[gazebo-2] [INFO] [1786112294.428123689] [gz_ros_control]: 		 position
[gazebo-2] [INFO] [1786112294.428181889] [gz_ros_control]: 	Command:
[gazebo-2] [INFO] [1786112294.428224189] [gz_ros_control]: 		 position
[gazebo-2] [INFO] [1786112294.428733488] [gz_ros_control]: Loading joint: panda_joint3
[gazebo-2] [INFO] [1786112294.428808188] [gz_ros_control]: 	State:
[gazebo-2] [INFO] [1786112294.428853988] [gz_ros_control]: 		 position
[gazebo-2] [INFO] [1786112294.428899888] [gz_ros_control]: 	Command:
[gazebo-2] [INFO] [1786112294.428940488] [gz_ros_control]: 		 position
[gazebo-2] [INFO] [1786112294.429175688] [gz_ros_control]: Loading joint: panda_joint4
[gazebo-2] [INFO] [1786112294.429260388] [gz_ros_control]: 	State:
[gazebo-2] [INFO] [1786112294.429305388] [gz_ros_control]: 		 position
[gazebo-2] [INFO] [1786112294.429346888] [gz_ros_control]: 	Command:
[gazebo-2] [INFO] [1786112294.429393288] [gz_ros_control]: 		 position
[gazebo-2] [INFO] [1786112294.429579788] [gz_ros_control]: Loading joint: panda_joint5
[gazebo-2] [INFO] [1786112294.429749788] [gz_ros_control]: 	State:
[gazebo-2] [INFO] [1786112294.429796488] [gz_ros_control]: 		 position
[gazebo-2] [INFO] [1786112294.429843688] [gz_ros_control]: 	Command:
[gazebo-2] [INFO] [1786112294.429880688] [gz_ros_control]: 		 position
[gazebo-2] [INFO] [1786112294.430060588] [gz_ros_control]: Loading joint: panda_joint6
[gazebo-2] [INFO] [1786112294.430125488] [gz_ros_control]: 	State:
[gazebo-2] [INFO] [1786112294.430164288] [gz_ros_control]: 		 position
[gazebo-2] [INFO] [1786112294.430201488] [gz_ros_control]: 	Command:
[gazebo-2] [INFO] [1786112294.430241388] [gz_ros_control]: 		 position
[gazebo-2] [INFO] [1786112294.430403588] [gz_ros_control]: Loading joint: panda_joint7
[gazebo-2] [INFO] [1786112294.430465187] [gz_ros_control]: 	State:
[gazebo-2] [INFO] [1786112294.430666787] [gz_ros_control]: 		 position
[gazebo-2] [INFO] [1786112294.430727687] [gz_ros_control]: 	Command:
[gazebo-2] [INFO] [1786112294.430771687] [gz_ros_control]: 		 position
[gazebo-2] [INFO] [1786112294.430952887] [gz_ros_control]: Loading joint: panda_finger_joint1
[gazebo-2] [INFO] [1786112294.431009287] [gz_ros_control]: 	State:
[gazebo-2] [INFO] [1786112294.431052587] [gz_ros_control]: 		 position
[gazebo-2] [INFO] [1786112294.431103587] [gz_ros_control]: 	Command:
[gazebo-2] [INFO] [1786112294.431308087] [gz_ros_control]: 		 position
[gazebo-2] [INFO] [1786112294.431601387] [gz_ros_control]: Loading joint: panda_finger_joint2
[gazebo-2] [INFO] [1786112294.431789487] [gz_ros_control]: 	State:
[gazebo-2] [INFO] [1786112294.432035487] [gz_ros_control]: 		 position
[gazebo-2] [INFO] [1786112294.432143987] [gz_ros_control]: 	Command:
[gazebo-2] [INFO] [1786112294.432207587] [gz_ros_control]: 		 position
[gazebo-2] [INFO] [1786112294.440204282] [controller_manager]: Initialize hardware 'RobotSystem' 
[gazebo-2] [WARN] [1786112294.441099482] [controller_manager.hardware_component.system.RobotSystem]: Executor is not available during hardware component initialization for 'RobotSystem'. Skipping node creation!
[gazebo-2] [INFO] [1786112294.443298581] [controller_manager]: Successful initialization of hardware 'RobotSystem'
[gazebo-2] [INFO] [1786112294.444868080] [resource_manager]: 'configure' hardware 'RobotSystem' 
[gazebo-2] [INFO] [1786112294.445072180] [gz_ros_control]: System Successfully configured!
[gazebo-2] [INFO] [1786112294.445206380] [resource_manager]: Successful 'configure' of hardware 'RobotSystem'
[gazebo-2] [INFO] [1786112294.445315680] [resource_manager]: 'activate' hardware 'RobotSystem' 
[gazebo-2] [INFO] [1786112294.445453580] [resource_manager]: Successful 'activate' of hardware 'RobotSystem'
[gazebo-2] [WARN] [1786112294.446442779] [controller_manager]: Component 'RobotSystem' does not have read or write statistics initialized, skipping registration.
[gazebo-2] [INFO] [1786112294.446635379] [controller_manager]: Resource Manager has been successfully initialized. Starting Controller Manager services...
[gazebo-2] [1;32m[GUI] [0m[1;32m[Msg] [0m[1;32mAdd[1;36m[Dbg] [SystemManager.cc:80] [0m[1;36mLoaded system [[0m[1;36mgz_ros2_control::GazeboSimROS2ControlPlugin[0m[1;36m] for entity [[0m[1;36m47[0m[1;36m][0m[1;36m[0m
[gazebo-2] [1;36m[Dbg] [Sensors.cc:697] [0m[1;36mConfiguring Sensors system[0m[1;36m[0m
[gazebo-2] [1;36m[Dbg] [Sensors.cc:557] [0m[1;36mSensorsPrivate::Run[0m[1;36m[0m
[gazebo-2] [1;36m[Dbg] [SystemManager.cc:80] [0m[1;36mLoaded system [[0m[1;36mgz::sim::systems::Sensors[0m[1;36m] for entity [[0m[1;36m47[0m[1;36m][0m[1;36m[0m
[gazebo-2] [1;36m[Dbg] [Sensors.cc:532] [0m[1;36mSensorsPrivate::RenderThread started[0m[1;36m[0m
[gazebo-2] [1;36m[Dbg] [Sensors.cc:337] [0m[1;36mWaiting for init[0m[1;36m[0m
[gazebo-2] [1;36m
[gazebo-2] [Dbg] [UserCommands.cc:1094] [0m[1;36mCreated entity [[0m[1;36m47[0m[1;36m] named [[0m[1;36m] named [[0m[1;36mpanda[0m[1;36m][0m[1;36m[0m
[gazebo-2] [1;36m[Dbg] [SDFFeatures.cc:332] [0m[1;36mMesh construction from an SDF has not been implemented yet for [0m[1;36mdartsim. Use AttachMeshShapeFeature to use mesh shapes.[0m
[gazebo-2] [1;36m[Dbg] [SDFFeatures.cc:864] [0m[1;36mThe geometry element of collision [[0m[1;36mpanda_link0_collision[0m[1;36m] [0m[1;36mcouldn't be created[0m
[gazebo-2] [1;36m[Dbg] [SDFFeatures.cc:332] [0m[1;36mMesh construction from an SDF has not been implemented yet for [0m[1;36mdartsim. Use AttachMeshShapeFeature to use mesh shapes.[0m
[gazebo-2] [1;36m[Dbg] [SDFFeatures.cc:864] [0m[1;36mThe geometry element of collision [[0m[1;36mpanda_link1_collision[0m[1;36m] [0m[1;36mcouldn't be created[0m
[gazebo-2] [1;36m[Dbg] [SDFFeatures.cc:332] [0m[1;36mMesh construction from an SDF has not been implemented yet for [0m[1;36mdartsim. Use AttachMeshShapeFeature to use mesh shapes.[0m
[gazebo-2] [1;36m[Dbg] [SDFFeatures.cc:864] [0m[1;36mThe geometry element of collision [[0m[1;36mpanda_link2_collision[0m[1;36m] [0m[1;36mcouldn't be created[0m
[gazebo-2] [1;36m[Dbg] [SDFFeatures.cc:332] [0m[1;36mMesh construction from an SDF has not been implemented yet for [0m[1;36mdartsim. Use AttachMeshShapeFeature to use mesh shapes.[0m
[gazebo-2] [1;36m[Dbg] [SDFFeatures.cc:864] [0m[1;36mThe geometry element of collision [[0m[1;36mpanda_link3_collision[0m[1;36m] [0m[1;36mcouldn't be created[0m
[gazebo-2] [1;36m[Dbg] [SDFFeatures.cc:332] [0m[1;36mMesh construction from an SDF has not been implemented yet for [0m[1;36mdartsim. Use AttachMeshShapeFeature to use mesh shapes.[0m
[gazebo-2] [1;36m[Dbg] [SDFFeatures.cc:864] [0m[1;36mThe geometry element of collision [[0m[1;36mpanda_link4_collision[0m[1;36m] [0m[1;36mcouldn't be created[0m
[gazebo-2] [1;36m[Dbg] [SDFFeatures.cc:332] [0m[1;36mMesh construction from an SDF has not been implemented yet for [0m[1;36mdartsim. Use AttachMeshShapeFeature to use mesh shapes.[0m
[gazebo-2] [1;36m[Dbg] [SDFFeatures.cc:864] [0m[1;36mThe geometry element of collision [[0m[1;36mpanda_link5_collision[0m[1;36m] [0m[1;36mcouldn't be created[0m
[gazebo-2] [1;36m[Dbg] [SDFFeatures.cc:332] [0m[1;36mMesh construction from an SDF has not been implemented yet for [0m[1;36mdartsim. Use AttachMeshShapeFeature to use mesh shapes.[0m
[gazebo-2] [1;36m[Dbg] [SDFFeatures.cc:864] [0m[1;36mThe geometry element of collision [[0m[1;36mpanda_link6_collision[0m[1;36m] [0m[1;36mcouldn't be created[0m
[gazebo-2] [1;36m[Dbg] [SDFFeatures.cc:332] [0m[1;36mMesh construction from an SDF has not been implemented yet for [0m[1;36mdartsim. Use AttachMeshShapeFeature to use mesh shapes.[0m
[gazebo-2] [1;36m[Dbg] [SDFFeatures.cc:864] [0m[1;36mThe geometry element of collision [[0m[1;36mpanda_link7_collision[0m[1;36m] [0m[1;36mcouldn't be created[0m
[gazebo-2] [1;36m[Dbg] [SDFFeatures.cc:332] [0m[1;36mMesh construction from an SDF has not been implemented yet for [0m[1;36mdartsim. Use AttachMeshShapeFeature to use mesh shapes.[0m
[gazebo-2] [1;36m[Dbg] [SDFFeatures.cc:864] [0m[1;36mThe geometry element of collision [[0m[1;36mpanda_link7_fixed_joint_lump__panda_hand_collision_1[0m[1;36m] [0m[1;36mcouldn't be created[0m
[gazebo-2] [1;36m[Dbg] [SDFFeatures.cc:332] [0m[1;36mMesh construction from an SDF has not been implemented yet for [0m[1;36mdartsim. Use AttachMeshShapeFeature to use mesh shapes.[0m
[rviz2-11] [INFO] [1786112294.563469019] [rviz2.moveit.ros.motion_planning_frame]: MoveGroup namespace changed: / -> . Reloading params.
[gazebo-2] [INFO] [1786112294.807219593] [controller_manager]: Loading controller : 'joint_state_broadcaster' of type 'joint_state_broadcaster/JointStateBroadcaster'
[gazebo-2] [INFO] [1786112294.809568492] [controller_manager]: Loading controller 'joint_state_broadcaster'
[gazebo-2] [1;33m[Wrn] [OBJLoader.cc:91] [0m[1;33mMaterial file [ /mnt/d/2026/franka_pandas_cli/panda_description/meshes/collision/link0.obj.mtl ] not found.
[gazebo-2] Failed to load material file(s). Use default material.[0m
[gazebo-2] [1;33m[0m
[gazebo-2] [1;33m[Wrn] [OBJLoader.cc:202] [0m[1;33mMissing material for shape[[0m[1;33m<STL_BINARY>[0m[1;33m] [0m[1;33min OBJ file[[0m[1;33m/mnt/d/2026/franka_pandas_cli/panda_description/meshes/collision/link0.obj[0m[1;33m][0m[1;33m[0m
[gazebo-2] [1;33m[Wrn] [OBJLoader.cc:91] [0m[1;33mMaterial file [ /mnt/d/2026/franka_pandas_cli/panda_description/meshes/collision/link1.obj.mtl ] not found.
[gazebo-2] Failed to load material file(s). Use default material.[0m
[gazebo-2] [1;33m[0m
[gazebo-2] [1;33m[Wrn] [OBJLoader.cc:202] [0m[1;33mMissing material for shape[[0m[1;33m<STL_BINARY>[0m[1;33m] [0m[1;33min OBJ file[[0m[1;33m/mnt/d/2026/franka_pandas_cli/panda_description/meshes/collision/link1.obj[0m[1;33m][0m[1;33m[0m
[color_detector-12] Traceback (most recent call last):
[color_detector-12]   File "/mnt/d/2026/franka_pandas_cli/install/panda_vision/lib/panda_vision/color_detector", line 33, in <module>
[color_detector-12]     sys.exit(load_entry_point('panda-vision', 'console_scripts', 'color_detector')())
[color_detector-12]              ^^^^^^^^^^^^^^^^^^^^^^^^^^^^^^^^^^^^^^^^^^^^^^^^^^^^^^^^^^^^^^^^^^^^^
[color_detector-12]   File "/mnt/d/2026/franka_pandas_cli/install/panda_vision/lib/panda_vision/color_detector", line 25, in importlib_load_entry_point
[color_detector-12]     return next(matches).load()
[color_detector-12]            ^^^^^^^^^^^^^^^^^^^^
[color_detector-12]   File "/usr/lib/python3.12/importlib/metadata/__init__.py", line 205, in load
[color_detector-12]     module = import_module(match.group('module'))
[color_detector-12]              ^^^^^^^^^^^^^^^^^^^^^^^^^^^^^^^^^^^^
[color_detector-12]   File "/usr/lib/python3.12/importlib/__init__.py", line 90, in import_module
[color_detector-12]     return _bootstrap._gcd_import(name[level:], package, level)
[color_detector-12]            ^^^^^^^^^^^^^^^^^^^^^^^^^^^^^^^^^^^^^^^^^^^^^^^^^^^^
[color_detector-12]   File "<frozen importlib._bootstrap>", line 1387, in _gcd_import
[color_detector-12]   File "<frozen importlib._bootstrap>", line 1360, in _find_and_load
[color_detector-12]   File "<frozen importlib._bootstrap>", line 1331, in _find_and_load_unlocked
[color_detector-12]   File "<frozen importlib._bootstrap>", line 935, in _load_unlocked
[color_detector-12]   File "<frozen importlib._bootstrap_external>", line 995, in exec_module
[color_detector-12]   File "<frozen importlib._bootstrap>", line 488, in _call_with_frames_removed
[color_detector-12]   File "/mnt/d/2026/franka_pandas_cli/build/panda_vision/panda_vision/color_detector.py", line 11, in <module>
[gazebo-2] [1;33m[Wrn] [OBJLoader.cc:91] [0m[1;33mMaterial file [ /mnt/d/2026/franka_pandas_cli/panda_description/meshes/collision/link2.obj.mtl ] not found.
[gazebo-2] Failed to load material file(s). Use default material.[0m
[gazebo-2] [1;33m[0m
[gazebo-2] [1;33m[Wrn] [OBJLoader.cc:202] [0m[1;33mMissing material for shape[[0m[1;33m<STL_BINARY>[0m[1;33m] [0m[1;33min OBJ file[[0m[1;33m/mnt/d/2026/franka_pandas_cli/panda_description/meshes/collision/link2.obj[0m[1;33m][0m[1;33m[0m
[color_detector-12]     import tf_transformations
[color_detector-12] ModuleNotFoundError: No module named 'tf_transformations'
[gazebo-2] [1;36m[Dbg] [SDFFeatures.cc:864] [0m[1;36mThe geometry element of collision [[0m[1;36mpanda_leftfinger_collision[0m[1;36m] [0m[1;36mcouldn't be created[0m
[gazebo-2] [1;36m[Dbg] [SDFFeatures.cc:332] [0m[1;36mMesh construction from an SDF has not been implemented yet for [0m[1;36mdartsim. Use AttachMeshShapeFeature to use mesh shapes.[0m
[gazebo-2] [1;36m[Dbg] [SDFFeatures.cc:864] [0m[1;36mThe geometry element of collision [[0m[1;36mpanda_rightfinger_collision[0m[1;36m] [0m[1;36mcouldn't be created[0m
[gazebo-2] [1;33m[Wrn] [OBJLoader.cc:91] [0m[1;33mMaterial file [ /mnt/d/2026/franka_pandas_cli/panda_description/meshes/collision/link3.obj.mtl ] not found.
[gazebo-2] Failed to load material file(s). Use default material.[0m
[gazebo-2] [1;33m[0m
[gazebo-2] [1;33m[Wrn] [OBJLoader.cc:202] [0m[1;33mMissing material for shape[[0m[1;33m<STL_BINARY>[0m[1;33m] [0m[1;33min OBJ file[[0m[1;33m/mnt/d/2026/franka_pandas_cli/panda_description/meshes/collision/link3.obj[0m[1;33m][0m[1;33m[0m
[gazebo-2] [1;33m[Wrn] [OBJLoader.cc:91] [0m[1;33mMaterial file [ /mnt/d/2026/franka_pandas_cli/panda_description/meshes/collision/link4.stl.obj.mtl ] not found.
[gazebo-2] Failed to load material file(s). Use default material.[0m
[gazebo-2] [1;33m[0m
[gazebo-2] [1;33m[Wrn] [OBJLoader.cc:202] [0m[1;33mMissing material for shape[[0m[1;33m<STL_BINARY>[0m[1;33m] [0m[1;33min OBJ file[[0m[1;33m/mnt/d/2026/franka_pandas_cli/panda_description/meshes/collision/link4.obj[0m[1;33m][0m[1;33m[0m
[ERROR] [color_detector-12]: process has died [pid 32935, exit code 1, cmd '/mnt/d/2026/franka_pandas_cli/install/panda_vision/lib/panda_vision/color_detector --ros-args -r __node:=color_detector --params-file /tmp/launch_params_jzloy3h4'].
[gazebo-2] [INFO] [1786112297.117881595] [controller_manager]: Controller 'joint_state_broadcaster' node arguments: --ros-args --params-file /mnt/d/2026/franka_pandas_cli/install/panda_controller/share/panda_controller/config/panda_controllers.yaml -p use_sim_time:=true --param use_sim_time:=true 
[gazebo-2] [1;33m[Wrn] [OBJLoader.cc:91] [0m[1;33mMaterial file [ /mnt/d/2026/franka_pandas_cli/panda_description/meshes/collision/link5.stl.obj.mtl ] not found.
[gazebo-2] Failed to load material file(s). Use default material.[0m
[gazebo-2] [1;33m[0m
[gazebo-2] [1;33m[Wrn] [OBJLoader.cc:202] [0m[1;33mMissing material for shape[[0m[1;33m<STL_BINARY>[0m[1;33m] [0m[1;33min OBJ file[[0m[1;33m/mnt/d/2026/franka_pandas_cli/panda_description/meshes/collision/link5.obj[0m[1;33m][0m[1;33m[0m
[spawner-7] [INFO] [1786112297.942839669] [spawner_joint_state_broadcaster]: Loaded joint_state_broadcaster
[gazebo-2] [INFO] [1786112297.968756756] [controller_manager]: Configuring controller: 'joint_state_broadcaster'
[gazebo-2] [INFO] [1786112297.974381853] [joint_state_broadcaster]: 'joints' or 'interfaces' parameter is empty. All available state interfaces will be published
[gazebo-2] [INFO] [1786112298.945312652] [controller_manager]: Activating controllers: [ joint_state_broadcaster ]
[ERROR] [move_group-10]: process has died [pid 32933, exit code -6, cmd '/opt/ros/jazzy/lib/moveit_ros_move_group/move_group --ros-args --log-level info --ros-args --params-file /tmp/launch_params_vbqd7nb5 --params-file /tmp/launch_params_ldcthevw --params-file /tmp/launch_params_gjbadqm7'].
[gazebo-2] [1;33m[Wrn] [OBJLoader.cc:91] [0m[1;33mMaterial file [ /mnt/d/2026/franka_pandas_cli/panda_description/meshes/collision/link6.dae.obj.mtl ] not found.
[gazebo-2] Failed to load material file(s). Use default material.[0m
[gazebo-2] [1;33m[0m
[gazebo-2] [1;33m[Wrn] [OBJLoader.cc:202] [0m[1;33mMissing material for shape[[0m[1;33mnode0[0m[1;33m] [0m[1;33min OBJ file[[0m[1;33m/mnt/d/2026/franka_pandas_cli/panda_description/meshes/collision/link6.obj[0m[1;33m][0m[1;33m[0m
[gazebo-2] [1;33m[GUI] [Wrn] [Application.cc:908] [0m[1;33m[QT] file::/WorldStats/WorldStats.qml:53:3: QML RowLayout: Binding loop detected for property "x"[0m[1;33m[0m
[gazebo-2] [1;33m[Wrn] [OBJLoader.cc:202] [0m[1;33mMissing material for shape[[0m[1;33mnode1[0m[1;33m] [0m[1;33min OBJ file[[0m[1;33m/mnt/d/2026/franka_pandas_cli/panda_description/meshes/collision/link6.obj[0m[1;33m][0m[1;33m[0m
[gazebo-2] [1;33m[Wrn] [OBJLoader.cc:202] [0m[1;33mMissing material for shape[[0m[1;33mnode2[0m[1;33m] [0m[1;33min OBJ file[[0m[1;33m/mnt/d/2026/franka_pandas_cli/panda_description/meshes/collision/link6.obj[0m[1;33m][0m[1;33m[0m
[gazebo-2] [1;33m[Wrn] [OBJLoader.cc:202] [0m[1;33mMissing material for shape[[0m[1;33mnode3[0m[1;33m] [0m[1;33min OBJ file[[0m[1;33m/mnt/d/2026/franka_pandas_cli/panda_description/meshes/collision/link6.obj[0m[1;33m][0m[1;33m[0m
[gazebo-2] [1;33m[Wrn] [OBJLoader.cc:202] [0m[1;33mMissing material for shape[[0m[1;33mnode4[0m[1;33m] [0m[1;33min OBJ file[[0m[1;33m/mnt/d/2026/franka_pandas_cli/panda_description/meshes/collision/link6.obj[0m[1;33m][0m[1;33m[0m
[gazebo-2] [1;33m[Wrn] [OBJLoader.cc:202] [0m[1;33mMissing material for shape[[0m[1;33mnode5[0m[1;33m] [0m[1;33min OBJ file[[0m[1;33m/mnt/d/2026/franka_pandas_cli/panda_description/meshes/collision/link6.obj[0m[1;33m][0m[1;33m[0m
[gazebo-2] [1;33m[Wrn] [OBJLoader.cc:202] [0m[1;33mMissing material for shape[[0m[1;33mnode6[0m[1;33m] [0m[1;33min OBJ file[[0m[1;33m/mnt/d/2026/franka_pandas_cli/panda_description/meshes/collision/link6.obj[0m[1;33m][0m[1;33m[0m
[gazebo-2] [1;33m[Wrn] [OBJLoader.cc:202] [0m[1;33mMissing material for shape[[0m[1;33mnode7[0m[1;33m] [0m[1;33min OBJ file[[0m[1;33m/mnt/d/2026/franka_pandas_cli/panda_description/meshes/collision/link6.obj[0m[1;33m][0m[1;33m[0m
[gazebo-2] [1;33m[Wrn] [OBJLoader.cc:202] [0m[1;33mMissing material for shape[[0m[1;33mnode8[0m[1;33m] [0m[1;33min OBJ file[[0m[1;33m/mnt/d/2026/franka_pandas_cli/panda_description/meshes/collision/link6.obj[0m[1;33m][0m[1;33m[0m
[gazebo-2] [1;33m[Wrn] [OBJLoader.cc:202] [0m[1;33mMissing material for shape[[0m[1;33mnode9[0m[1;33m] [0m[1;33min OBJ file[[0m[1;33m/mnt/d/2026/franka_pandas_cli/panda_description/meshes/collision/link6.obj[0m[1;33m][0m[1;33m[0m
[gazebo-2] [1;33m[Wrn] [OBJLoader.cc:202] [0m[1;33mMissing material for shape[[0m[1;33mnode10[0m[1;33m] [0m[1;33min OBJ file[[0m[1;33m/mnt/d/2026/franka_pandas_cli/panda_description/meshes/collision/link6.obj[0m[1;33m][0m[1;33m[0m
[gazebo-2] [1;33m[Wrn] [OBJLoader.cc:202] [0m[1;33mMissing material for shape[[0m[1;33mnode11[0m[1;33m] [0m[1;33min OBJ file[[0m[1;33m/mnt/d/2026/franka_pandas_cli/panda_description/meshes/collision/link6.obj[0m[1;33m][0m[1;33m[0m
[gazebo-2] [1;33m[Wrn] [OBJLoader.cc:202] [0m[1;33mMissing material for shape[[0m[1;33mnode12[0m[1;33m] [0m[1;33min OBJ file[[0m[1;33m/mnt/d/2026/franka_pandas_cli/panda_description/meshes/collision/link6.obj[0m[1;33m][0m[1;33m[0m
[gazebo-2] [1;33m[Wrn] [OBJLoader.cc:202] [0m[1;33mMissing material for shape[[0m[1;33mnode13[0m[1;33m] [0m[1;33min OBJ file[[0m[1;33m/mnt/d/2026/franka_pandas_cli/panda_description/meshes/collision/link6.obj[0m[1;33m][0m[1;33m[0m
[gazebo-2] [1;33m[Wrn] [OBJLoader.cc:202] [0m[1;33mMissing material for shape[[0m[1;33mnode15[0m[1;33m] [0m[1;33min OBJ file[[0m[1;33m/mnt/d/2026/franka_pandas_cli/panda_description/meshes/collision/link6.obj[0m[1;33m][0m[1;33m[0m
[gazebo-2] [1;33m[Wrn] [OBJLoader.cc:202] [0m[1;33mMissing material for shape[[0m[1;33mnode16[0m[1;33m] [0m[1;33min OBJ file[[0m[1;33m/mnt/d/2026/franka_pandas_cli/panda_description/meshes/collision/link6.obj[0m[1;33m][0m[1;33m[0m
[gazebo-2] [1;33m[Wrn] [OBJLoader.cc:202] [0m[1;33mMissing material for shape[[0m[1;33mnode0_001[0m[1;33m] [0m[1;33min OBJ file[[0m[1;33m/mnt/d/2026/franka_pandas_cli/panda_description/meshes/collision/link6.obj[0m[1;33m][0m[1;33m[0m
[spawner-8] [WARN] [1786112300.292103957] [ros2_control_controller_spawner_arm_controller]: Attempt 1 failed. Retrying in 3 seconds...
[gazebo-2] [1;33m[Wrn] [OBJLoader.cc:91] [0m[1;33mMaterial file [ /mnt/d/2026/franka_pandas_cli/panda_description/meshes/collision/link7.stl.obj.mtl ] not found.
[gazebo-2] Failed to load material file(s). Use default material.[0m
[gazebo-2] [1;33m[0m
[gazebo-2] [1;33m[Wrn] [OBJLoader.cc:202] [0m[1;33mMissing material for shape[[0m[1;33m<STL_BINARY>[0m[1;33m] [0m[1;33min OBJ file[[0m[1;33m/mnt/d/2026/franka_pandas_cli/panda_description/meshes/collision/link7.obj[0m[1;33m][0m[1;33m[0m
[gazebo-2] [1;33m[Wrn] [OBJLoader.cc:91] [0m[1;33mMaterial file [ /mnt/d/2026/franka_pandas_cli/panda_description/meshes/collision/hand.obj.mtl ] not found.
[gazebo-2] Failed to load material file(s). Use default material.[0m
[gazebo-2] [1;33m[0m
[gazebo-2] [1;33m[Wrn] [OBJLoader.cc:202] [0m[1;33mMissing material for shape[[0m[1;33m<STL_BINARY>[0m[1;33m] [0m[1;33min OBJ file[[0m[1;33m/mnt/d/2026/franka_pandas_cli/panda_description/meshes/collision/hand.obj[0m[1;33m][0m[1;33m[0m
[gazebo-2] [1;33m[Wrn] [OBJLoader.cc:91] [0m[1;33mMaterial file [ /mnt/d/2026/franka_pandas_cli/panda_description/meshes/collision/finger.stl.obj.mtl ] not found.
[gazebo-2] Failed to load material file(s). Use default material.[0m
[gazebo-2] [1;33m[0m
[gazebo-2] [1;33m[Wrn] [OBJLoader.cc:202] [0m[1;33mMissing material for shape[[0m[1;33m<STL_BINARY>[0m[1;33m] [0m[1;33min OBJ file[[0m[1;33m/mnt/d/2026/franka_pandas_cli/panda_description/meshes/collision/finger.obj[0m[1;33m][0m[1;33m[0m
[spawner-9] [WARN] [1786112301.163976073] [ros2_control_controller_spawner_gripper_controller]: Attempt 1 failed. Retrying in 3 seconds...
[gazebo-2] [WARN] [1786112301.592041852] [gz_ros_control]:  Desired controller update period (0.01 s) is slower than the gazebo simulation period (0.001 s).
[gazebo-2] [ERROR] [1786112303.945396038] [controller_manager]: Switch controller timed out after 5 seconds!
[spawner-7] [ERROR] [1786112303.961031130] [spawner_joint_state_broadcaster]: Failed to activate controller : joint_state_broadcaster
[rviz2-11] [INFO] [1786112304.474658565] [rviz2.moveit.ros.rdf_loader]: Loaded robot model in 0.002 seconds
[rviz2-11] [INFO] [1786112304.475694764] [rviz2.moveit.core.robot_model]: Loading robot model 'panda'...
[ERROR] [spawner-7]: process has died [pid 32930, exit code 1, cmd '/opt/ros/jazzy/lib/controller_manager/spawner joint_state_broadcaster --controller-manager /controller_manager --controller-manager-timeout 60 --ros-args --params-file /tmp/launch_params_8p8u4o72'].
[gazebo-2] [1;36m[Dbg] [SimulationRunner.cc:560] [0m[1;36mExiting postupdate worker thread ([0m[1;36m0[0m[1;36m)[0m[1;36m[0m
[gazebo-2] [1;36m[Dbg] [SimulationRunner.cc:533] [0m[1;36mCreating PostUpdate worker threads: [0m[1;36m4[0m[1;36m[0m
[gazebo-2] [1;36m[Dbg] [SimulationRunner.cc:544] [0m[1;36mCreating postupdate worker thread ([0m[1;36m0[0m[1;36m)[0m[1;36m[0m
[gazebo-2] [1;36m[Dbg] [SimulationRunner.cc:544] [0m[1;36mCreating postupdate worker thread ([0m[1;36m1[0m[1;36m)[0m[1;36m[0m
[gazebo-2] [1;36m[Dbg] [SimulationRunner.cc:544] [0m[1;36mCreating postupdate worker thread ([0m[1;36m2[0m[1;36m)[0m[1;36m[0m
[gazebo-2] [1;36m[Dbg] [Sensors.cc:953] [0m[1;36mInitialization needed[0m[1;36m[0m
[gazebo-2] [1;36m[Dbg] [Sensors.cc:349] [0m[1;36mInitializing render context[0m[1;36m[0m
[gazebo-2] [1;32m[Msg] [0m[1;32mLoading plugin [[0m[1;32mgz-rendering-ogre2[0m[1;32m][0m[1;32m[0m
[gazebo-2] [INFO] [1786112308.447145469] [controller_manager]: Loading controller : 'arm_controller' of type 'joint_trajectory_controller/JointTrajectoryController'
[gazebo-2] [INFO] [1786112308.447360269] [controller_manager]: Loading controller 'arm_controller'
[gazebo-2] [1;33m[GUI] [Wrn] [Ogre2RenderTarget.cc:668] [0m[1;33mAnti-aliasing level of '[0m[1;33m[0m[1;33m' [0m[1;33mis not supported; valid FSAA levels are: [0m[1;33m[ 0 4 ][0m[1;33m. Setting to 1[0m[1;33m[0m
[gazebo-2] [INFO] [1786112309.432069461] [controller_manager]: Controller 'arm_controller' node arguments: --ros-args --params-file /mnt/d/2026/franka_pandas_cli/install/panda_controller/share/panda_controller/config/panda_controllers.yaml -p use_sim_time:=true --param use_sim_time:=true 
[gazebo-2] ed plugin [[0m[1;32mEntity tree[0m[1;32m] to main window[0m[1;32m[0m
[gazebo-2] [1;32m[GUI] [0m[1;32m[Msg] [0m[1;32mLoaded plugin [[0m[1;32mEntityTree[0m[1;32m] from path [[0m[1;32m/opt/ros/jazzy/opt/gz_sim_vendor/lib/gz-sim-8/plugins/gui/libEntityTree.so[0m[1;32m][0m[1;32m[0m
[gazebo-2] [1;36m[GUI] [Dbg] [Application.cc:398] [0m[1;36mLoading window config[0m[1;36m[0m
[gazebo-2] [1;32m[GUI] [0m[1;32m[Msg] [0m[1;32mUsing server control service [[0m[1;32m/server_control[0m[1;32m][0m[1;32m[0m
[gazebo-2] [1;36m[GUI] [Dbg] [Application.cc:671] [0m[1;36mApplying config[0m[1;36m[0m
[gazebo-2] [1;36m[GUI] [Dbg] [MinimalScene.cc:802] [0m[1;36mCreating gz-rendering interface for OpenGL[0m[1;36m[0m
[gazebo-2] [1;36m[GUI] [Dbg] [MinimalScene.cc:986] [0m[1;36mCreating render thread interface for OpenGL[0m[1;36m[0m
[gazebo-2] [1;32m[GUI] [0m[1;32m[Msg] [0m[1;32mLoading plugin [[0m[1;32mgz-rendering-ogre2[0m[1;32m][0m[1;32m[0m
[gazebo-2] [1;36m[GUI] [Dbg] [MinimalScene.cc:749] [0m[1;36mCreate scene [[0m[1;36mscene[0m[1;36m][0m[1;36m[0m
[gazebo-2] [1;33mWarning [Utils.cc:132][0m [/sdf/model[@name="panda"]/link[@name="panda_link0"]/sensor[@name="camera"]/alwaysOn:<data-string>:L82]: XML Element[alwaysOn], child of element[sensor], not defined in SDF. Copying[alwaysOn] as children of [sensor].
[gazebo-2] [1;33mWarning [Utils.cc:132][0m [/sdf/model[@name="panda"]/link[@name="panda_link0"]/sensor[@name="camera"]/gz_frame_id:<data-string>:L83]: XML Element[gz_frame_id], child of element[sensor], not defined in SDF. Copying[gz_frame_id] as children of [sensor].
[gazebo-2] [1;36m[Dbg] [RenderUtil.cc:2646] [0m[1;36mCreate scene [[0m[1;36mscene[0m[1;36m][0m[1;36m[0m
[spawner-8] [INFO] [1786112312.004715347] [spawner_arm_controller]: Loaded arm_controller
[gazebo-2] [INFO] [1786112312.042207128] [controller_manager]: Configuring controller: 'arm_controller'
[gazebo-2] [WARN] [1786112312.043043227] [arm_controller]: [deprecated] 'open_loop_control' parameter is deprecated. Instead, set the feedback gains to zero and use 'interpolate_from_desired_state' parameter
[gazebo-2] [INFO] [1786112312.048335925] [arm_controller]: No specific joint names are used for command interfaces. Using 'joints' parameter.
[gazebo-2] [INFO] [1786112312.049085124] [arm_controller]: Command interfaces are [position] and state interfaces are [position].
[gazebo-2] [INFO] [1786112312.049630124] [arm_controller]: Using 'splines' interpolation method.
[gazebo-2] [INFO] [1786112312.102139797] [arm_controller]: Action status changes will be monitored at 20.00 Hz.
[gazebo-2] [INFO] [1786112312.263484514] [controller_manager]: Activating controllers: [ arm_controller ]
[gazebo-2] [1;36m[Dbg] [Sensors.cc:391] [0m[1;36mRendering Thread initialized[0m[1;36m[0m
[gazebo-2] [1;36m[Dbg] [Sensors.cc:953] [0m[1;36mInitialization needed[0m[1;36m[0m
[gazebo-2] [ERROR] [1786112317.275479451] [controller_manager]: Switch controller timed out after 5 seconds!
[spawner-8] [ERROR] [1786112317.297459440] [spawner_arm_controller]: Failed to activate controller : arm_controller
[rviz2-11] [INFO] [1786112317.720084822] [rviz2.moveit.kinematics.kdl_kinematics_plugin]: Joint weights for group 'arm': 1 1 1 1 1 1 1
[rviz2-11] [ERROR] [1786112317.725874419] [rviz2.moveit.kinematics.kdl_kinematics_plugin]: Group 'gripper' is not a chain
[rviz2-11] [ERROR] [1786112317.726217118] [rviz2.moveit.ros.kinematics_plugin_loader]: Kinematics solver of type 'kdl_kinematics_plugin/KDLKinematicsPlugin' could not be initialized for group 'gripper'
[rviz2-11] [ERROR] [1786112317.726482618] [rviz2.moveit.ros.robot_model_loader]: Kinematics solver could not be instantiated for joint group gripper.
[ERROR] [spawner-8]: process has died [pid 32931, exit code 1, cmd '/opt/ros/jazzy/lib/controller_manager/spawner arm_controller --controller-manager /controller_manager --controller-manager-timeout 60 --ros-args --params-file /tmp/launch_params_4z3sv45o'].
[rviz2-11] [INFO] [1786112320.495774589] [rviz2.moveit.ros.planning_scene_monitor]: Starting planning scene monitor
[rviz2-11] [INFO] [1786112320.499938687] [rviz2.moveit.ros.planning_scene_monitor]: Listening to '/monitored_planning_scene'
[spawner-9] [INFO] [1786112321.094818043] [spawner_gripper_controller]: waiting for service /controller_manager/load_controller to become available...
[gazebo-2] [1;33m[Wrn] [Ogre2Camera.cc:423] [0m[1;33mOgre2Camera::SetVisibilityMask: Mask bits [0m[1;33mc0000000[0m[1;33m are set but will be ignored as they conflict with the [0m[1;33mreserved bits used internally by the ogre2 backend.[0m[1;33m[0m
[gazebo-2] [1;36m[Dbg] [CameraSensor.cc:405] [0m[1;36mCamera images for [[0m[1;36mpanda::panda_link0::camera[0m[1;36m] advertised on [[0m[1;36mcamera/image_raw[0m[1;36m][0m[1;36m[0m
[gazebo-2] [1;36m[Dbg] [CameraSensor.cc:695] [0m[1;36mCamera info for [[0m[1;36mpanda::panda_link0::camera[0m[1;36m] advertised on [[0m[1;36mcamera/camera_info[0m[1;36m][0m[1;36m[0m
[gazebo-2] [1;36m[Dbg] [CameraSensor.cc:504] [0m[1;36mEnabling camera sensor: '[0m[1;36mpanda::panda_link0::camera[0m[1;36m' data [0m[1;36mgeneration.[0m[1;36m[0m
[spawner-9] [FATAL] [1786112381.561060652] [spawner_gripper_controller]: Could not contact service /controller_manager/load_controller
[ERROR] [spawner-9]: process has died [pid 32932, exit code 1, cmd '/opt/ros/jazzy/lib/controller_manager/spawner gripper_controller --controller-manager /controller_manager --controller-manager-timeout 60 --ros-args --params-file /tmp/launch_params_zdmjfdl0'].
[rviz2-11] [INFO] [1786112564.353266431] [interactive_marker_display_94132801239488]: Connected on namespace: /rviz_moveit_motion_planning_display/robot_interaction_interactive_marker_topic
[rviz2-11] [INFO] [1786112565.711782130] [interactive_marker_display_94132801239488]: Sending request for interactive markers
[rviz2-11] [INFO] [1786112566.315721619] [interactive_marker_display_94132801239488]: Service response received for initialization
[rviz2-11] [INFO] [1786112569.742165908] [rviz2.moveit.ros.planning_scene_monitor]: Failed to call service get_planning_scene, have you launched move_group or called psm.providePlanningSceneService()?
[rviz2-11] [INFO] [1786112569.742722808] [rviz2.moveit.ros.motion_planning_frame]: group arm
[rviz2-11] [INFO] [1786112569.742809308] [rviz2.moveit.ros.motion_planning_frame]: Constructing new MoveGroup connection for group 'arm' in namespace ''
[rviz2-11] [INFO] [1786112630.425671809] [rviz2.moveit.ros.move_group_interface]: Ready to take commands for planning group arm.
